1000: User doesn't own the simId: {simId}
1001: Такой номер уже существует: {msisdn, icc}
1002: Этого номера нет в списке доступных номеров - {simId}
1003: Такого пользователя не существует: {userId}
1004: Данный тариф архивный - {tariffId} - {name}
1005: Sim - {simId} уже с этим значением - {active}
1006: Тариф с таким названием уже существует {name}
1007: Данный тариф не существует - {tarrifId}
1008: Опция с таким названием уже существует - optionId
